// Jest Snapshot v1, https://goo.gl/fbAQLP

exports[`Testing LogoutForm component renders 1`] = `
<button
  className="formButton-0-2-1"
  onClick={[Function]}
>
  <span>
    Logout
  </span>
</button>
`;
